******************************************************************************
                  TI ARM Linker PC v16.9.6                     
******************************************************************************
>> Linked Tue Feb 27 14:12:00 2018

OUTPUT FILE NAME:   <rfPacketRx_CC1350_LAUNCHXL_nortos_ccs.out>
ENTRY POINT SYMBOL: "resetISR"  address: 00005049


MEMORY CONFIGURATION

         name            origin    length      used     unused   attr    fill
----------------------  --------  ---------  --------  --------  ----  --------
  FLASH                 00000000   00020000  00005ede  0001a122  R  X
  SRAM                  20000000   00005000  00000fa9  00004057  RW X


SEGMENT ALLOCATION MAP

run origin  load origin   length   init length attrs members
----------  ----------- ---------- ----------- ----- -------
00000000    00000000    00005d68   00005d68    r-x
  00000000    00000000    000000c8   000000c8    r-- .intvecs
  000000c8    000000c8    00005236   00005236    r-x .text
  00005300    00005300    00000a68   00000a68    r-- .const
00005d68    00005d68    00000008   00000008    rw-
  00005d68    00005d68    00000008   00000008    rw- .args
00005d70    00005d70    00000118   00000118    r--
  00005d70    00005d70    00000118   00000118    r-- .cinit
0001ffa8    0001ffa8    00000058   00000058    r--
  0001ffa8    0001ffa8    00000058   00000058    r-- .ccfg
20000000    20000000    00000ae8   00000000    rw-
  20000000    20000000    00000504   00000000    rw- .bss
  20000508    20000508    000004dd   00000000    rw- .data
  200009e8    200009e8    00000100   00000000    rw- .sysmem
20000b00    20000b00    000000c8   00000000    rw-
  20000b00    20000b00    000000c8   00000000    rw- .vtable_ram
20004c00    20004c00    00000400   00000000    rw-
  20004c00    20004c00    00000400   00000000    rw- .stack


SECTION ALLOCATION MAP

 output                                  attributes/
section   page    origin      length       input sections
--------  ----  ----------  ----------   ----------------
.intvecs   0    00000000    000000c8     
                  00000000    000000c8     nortos_cc13x0.aem3 : startup_cc13xx_cc26xx_ccs.oem3 (.intvecs)

.text      0    000000c8    00005236     
                  000000c8    000003c4     rf_multiMode_cc13x0.aem3 : RFCC26XX_multiMode.oem3 (.text:fsmActiveState)
                  0000048c    0000030c     drivers_cc13x0.aem3 : PowerCC26XX_calibrateRCOSC.oem3 (.text:PowerCC26XX_auxISR)
                  00000798    00000228     driverlib.lib : sys_ctrl.obj (.text:NOROM_SysCtrlSetRechargeBeforePowerDown)
                  000009c0    00000224     drivers_cc13x0.aem3 : PowerCC26XX.oem3 (.text:Power_sleep)
                  00000be4    000001f4     rtsv7M3_T_le_eabi.lib : ull_div_t2.obj (.text)
                  00000dd8    000001e4     rf_multiMode_cc13x0.aem3 : RFCC26XX_multiMode.oem3 (.text:RF_open)
                  00000fbc    000001bc     drivers_cc13x0.aem3 : PINCC26XX.oem3 (.text:PIN_init)
                  00001178    000001ac     rfPacketRx.obj (.text:mainThread)
                  00001324    00000190     drivers_cc13x0.aem3 : PowerCC26XX_calibrateRCOSC.oem3 (.text:PowerCC26XX_doCalibrate)
                  000014b4    00000188     rf_multiMode_cc13x0.aem3 : RFCC26XX_multiMode.oem3 (.text:fsmSetupState)
                  0000163c    0000016c                              : RFCC26XX_multiMode.oem3 (.text:hwiFxnCpe0Active)
                  000017a8    00000144                              : RFCC26XX_multiMode.oem3 (.text:radioOpDoneCb)
                  000018ec    00000130                              : RFCC26XX_multiMode.oem3 (.text:fsmChangePhyState)
                  00001a1c    00000128     smartrf_settings.obj (.text:rf_patch_rfe_genfsk)
                  00001b44    00000124     driverlib.lib : setup_rom.obj (.text:NOROM_SetupAfterColdResetWakeupFromShutDownCfg3)
                  00001c68    00000114     drivers_cc13x0.aem3 : PowerCC26XX.oem3 (.text:Power_init)
                  00001d7c    00000100     nortos_cc13x0.aem3 : PowerCC26XX_nortos.oem3 (.text:PowerCC26XX_standbyPolicy)
                  00001e7c    000000f0     driverlib.lib : setup_rom.obj (.text:NOROM_SetupAfterColdResetWakeupFromShutDownCfg2)
                  00001f6c    000000f0     rf_multiMode_cc13x0.aem3 : RFCC26XX_multiMode.oem3 (.text:RF_pendCmd)
                  0000205c    000000e0     RFQueue.obj (.text:RFQueue_defineQueue)
                  0000213c    000000e0     rf_multiMode_cc13x0.aem3 : RFCC26XX_multiMode.oem3 (.text:fsmPowerUpState)
                  0000221c    000000dc     drivers_cc13x0.aem3 : PINCC26XX.oem3 (.text:PINCC26XX_setIoCfg)
                  000022f8    000000d8     nortos_cc13x0.aem3 : SwiP_nortos.oem3 (.text:SwiP_construct)
                  000023d0    000000d4     driverlib.lib : rfc.obj (.text:NOROM_RFCRfTrimRead)
                  000024a4    000000c4                   : rfc.obj (.text:NOROM_RFCRTrim)
                  00002568    000000c4                   : setup.obj (.text:TrimAfterColdResetWakeupFromShutDown)
                  0000262c    000000bc     drivers_cc13x0.aem3 : PowerCC26XX.oem3 (.text:Power_releaseDependency)
                  000026e8    000000b8     rf_multiMode_cc13x0.aem3 : RFCC26XX_multiMode.oem3 (.text:RF_postCmd)
                  000027a0    000000b8                              : RFCC26XX_multiMode.oem3 (.text:dispatchNextCmd)
                  00002858    000000b4     drivers_cc13x0.aem3 : PowerCC26XX.oem3 (.text:Power_setDependency)
                  0000290c    000000b4     rf_multiMode_cc13x0.aem3 : RFCC26XX_multiMode.oem3 (.text:swiFxnHw)
                  000029c0    000000b0     nortos_cc13x0.aem3 : TimerPCC26XX_nortos.oem3 (.text:TimerP_construct)
                  00002a70    000000a8                        : ClockPTimer_nortos.oem3 (.text:ClockP_workFuncDynamic)
                  00002b18    000000a8     driverlib.lib : setup.obj (.text:NOROM_SetupTrimDevice)
                  00002bc0    000000a4                   : setup_rom.obj (.text:NOROM_SetupAfterColdResetWakeupFromShutDownCfg1)
                  00002c64    000000a4     drivers_cc13x0.aem3 : PowerCC26XX.oem3 (.text:switchXOSCHFclockFunc)
                  00002d08    000000a0     nortos_cc13x0.aem3 : SwiP_nortos.oem3 (.text:SwiP_dispatch)
                  00002da8    0000009c                        : ClockPTimer_nortos.oem3 (.text:ClockP_startup)
                  00002e44    0000009c     rf_multiMode_cc13x0.aem3 : RFCC26XX_multiMode.oem3 (.text:RF_issueRadioFreeCb)
                  00002ee0    0000009c     rtsv7M3_T_le_eabi.lib : memcpy_t2.obj (.text)
                  00002f7c    00000098     drivers_cc13x0.aem3 : PINCC26XX.oem3 (.text:PIN_open)
                  00003014    00000098     nortos_cc13x0.aem3 : SemaphoreP_nortos.oem3 (.text:SemaphoreP_pend)
                  000030ac    00000090     rf_multiMode_cc13x0.aem3 : RFCC26XX_multiMode.oem3 (.text:calculateDispatchTime)
                  0000313c    0000008c     rfPacketRx.obj (.text:callback)
                  000031c8    0000008c     rf_multiMode_cc13x0.aem3 : RFCC26XX_multiMode.oem3 (.text:ratRestartChannels)
                  00003254    00000084     CC1350_LAUNCHXL.obj (.text:CC1350_LAUNCHXL_sendExtFlashByte)
                  000032d8    00000084     rf_multiMode_cc13x0.aem3 : RFCC26XX_multiMode.oem3 (.text:ratFreeChannel)
                  0000335c    00000080     nortos_cc13x0.aem3 : ClockPTimer_nortos.oem3 (.text:ClockP_start)
                  000033dc    0000007c     rf_multiMode_cc13x0.aem3 : RFCC26XX_multiMode.oem3 (.text:hwiFxnHw)
                  00003458    0000007a     rtsv7M3_T_le_eabi.lib : memset_t2.obj (.text)
                  000034d2    00000002     nortos_cc13x0.aem3 : SemaphoreP_nortos.oem3 (.text:clkFxn)
                  000034d4    00000078                        : HwiPCC26XX_nortos.oem3 (.text:HwiP_construct)
                  0000354c    00000074                        : ClockPTimer_nortos.oem3 (.text:ClockP_walkQueueDynamic)
                  000035c0    00000074     driverlib.lib : setup_rom.obj (.text:NOROM_SetupSetVddrLevel)
                  00003634    00000070     nortos_cc13x0.aem3 : TimerPCC26XX_nortos.oem3 (.text:TimerP_start)
                  000036a4    00000070     rtsv7M3_T_le_eabi.lib : autoinit.obj (.text)
                  00003714    0000006c     drivers_cc13x0.aem3 : PowerCC26XX_calibrateRCOSC.oem3 (.text:PowerCC26XX_initiateCalibration)
                  00003780    00000068     driverlib.lib : setup_rom.obj (.text:NOROM_SetupGetTrimForAmpcompCtrl)
                  000037e8    00000068                   : setup_rom.obj (.text:NOROM_SetupGetTrimForAnabypassValue1)
                  00003850    00000068                   : sys_ctrl.obj (.text:NOROM_SysCtrlAdjustRechargeAfterPowerDown)
                  000038b8    00000068                   : sys_ctrl.obj (.text:NOROM_SysCtrl_DCDC_VoltageConditionalControl)
                  00003920    00000068     nortos_cc13x0.aem3 : SwiP_nortos.oem3 (.text:SwiP_post)
                  00003988    00000068     rtsv7M3_T_le_eabi.lib : copy_decompress_lzss.obj (.text:decompress:lzss)
                  000039f0    00000068     drivers_cc13x0.aem3 : PowerCC26XX.oem3 (.text:lfClockReadyCallback)
                  00003a58    00000064     driverlib.lib : osc.obj (.text:NOROM_OSCHF_AttemptToSwitchToXosc)
                  00003abc    00000064     drivers_cc13x0.aem3 : PowerCC26XX.oem3 (.text:configureXOSCHF)
                  00003b20    00000060     driverlib.lib : osc.obj (.text:NOROM_OSCClockSourceSet)
                  00003b80    00000060     rf_multiMode_cc13x0.aem3 : RFCC26XX_multiMode.oem3 (.text:RF_getCurrentTime)
                  00003be0    00000060     smartrf_settings.obj (.text:configureGenfskPatch)
                  00003c40    00000060     rf_multiMode_cc13x0.aem3 : RFCC26XX_multiMode.oem3 (.text:dispatchNextEvent)
                  00003ca0    0000005c     drivers_cc13x0.aem3 : PowerCC26XX_calibrateRCOSC.oem3 (.text:PowerCC26XX_RCOSC_clockFunc)
                  00003cfc    0000005c                         : PowerCC26XX.oem3 (.text:PowerCC26XX_calibrate)
                  00003d58    0000005c     rf_multiMode_cc13x0.aem3 : RFCC26XX_multiMode.oem3 (.text:hwiFxnCpe0PowerFsm)
                  00003db4    0000005c                              : RFCC26XX_multiMode.oem3 (.text:syncCb)
                  00003e10    00000058     drivers_cc13x0.aem3 : PINCC26XX.oem3 (.text:PIN_remove)
                  00003e68    00000054     rf_multiMode_cc13x0.aem3 : RFCC26XX_multiMode.oem3 (.text:RF_ieeeExtension)
                  00003ebc    00000054                              : RFCC26XX_multiMode.oem3 (.text:cmdDispatchTime)
                  00003f10    00000054     rtsv7M3_T_le_eabi.lib : exit.obj (.text)
                  00003f64    00000050     driverlib.lib : setup_rom.obj (.text:NOROM_SetupSetCacheModeAccordingToCcfgSetting)
                  00003fb4    00000050     nortos_cc13x0.aem3 : SemaphoreP_nortos.oem3 (.text:SemaphoreP_construct)
                  00004004    00000050     rf_multiMode_cc13x0.aem3 : RFCC26XX_multiMode.oem3 (.text:applyRfCorePatch)
                  00004054    0000004c     CC1350_LAUNCHXL.obj (.text:CC1350_LAUNCHXL_wakeUpExtFlash)
                  000040a0    0000004c     rf_multiMode_cc13x0.aem3 : RFCC26XX_multiMode.oem3 (.text:RF_wakeupNotifyFxn)
                  000040ec    0000004c                              : RFCC26XX_multiMode.oem3 (.text:fsmXOSCState)
                  00004138    0000004c     rtsv7M3_T_le_eabi.lib : cpy_tbl.obj (.text)
                  00004184    00000048     nortos_cc13x0.aem3 : ClockPTimer_nortos.oem3 (.text:ClockP_construct)
                  000041cc    00000044     rf_multiMode_cc13x0.aem3 : RFCC26XX_multiMode.oem3 (.text:Q_push)
                  00004210    00000044     nortos_cc13x0.aem3 : SwiP_nortos.oem3 (.text:SwiP_restore)
                  00004254    00000044     drivers_cc13x0.aem3 : PowerCC26XX.oem3 (.text:notify)
                  00004298    00000040     CC1350_LAUNCHXL.obj (.text:CC1350_LAUNCHXL_shutDownExtFlash)
                  000042d8    00000040     drivers_cc13x0.aem3 : PINCC26XX.oem3 (.text:PIN_swi)
                  00004318    00000040     rtsv7M3_T_le_eabi.lib : boot.obj (.text)
                  00004358    0000003c     driverlib.lib : chipinfo.obj (.text:NOROM_ChipInfo_GetHwRevision)
                  00004394    0000003c                   : osc.obj (.text:NOROM_OSC_HPOSCRelativeFrequencyOffsetGet)
                  000043d0    0000003c                   : rfc.obj (.text:NOROM_RFCSynthPowerDown)
                  0000440c    0000003c     drivers_cc13x0.aem3 : PowerCC26XX.oem3 (.text:PowerCC26XX_isStableXOSC_HF)
                  00004448    0000003c     nortos_cc13x0.aem3 : SemaphoreP_nortos.oem3 (.text:SemaphoreP_post)
                  00004484    0000003c     drivers_cc13x0.aem3 : PowerCC26XX.oem3 (.text:disableLfClkQualifiersEnableClkLoss)
                  000044c0    0000003c     rf_multiMode_cc13x0.aem3 : RFCC26XX_multiMode.oem3 (.text:getCmd)
                  000044fc    00000038     drivers_cc13x0.aem3 : PINCC26XX.oem3 (.text:PIN_setOutputValue)
                  00004534    00000038     rf_multiMode_cc13x0.aem3 : RFCC26XX_multiMode.oem3 (.text:RF_checkCmdFsError)
                  0000456c    00000038                              : RFCC26XX_multiMode.oem3 (.text:rfReleaseConstraint)
                  000045a4    00000034     nortos_cc13x0.aem3 : ClockPTimer_nortos.oem3 (.text:ClockP_getTicksUntilInterrupt)
                  000045d8    00000034     driverlib.lib : interrupt.obj (.text:NOROM_IntRegister)
                  0000460c    00000034                   : osc.obj (.text:NOROM_OSCHF_SwitchToRcOscTurnOffXosc)
                  00004640    00000034     drivers_cc13x0.aem3 : PINCC26XX.oem3 (.text:PIN_setConfig)
                  00004674    00000034                         : PowerCC26XX.oem3 (.text:Power_releaseConstraint)
                  000046a8    00000034     nortos_cc13x0.aem3 : TimerPCC26XX_nortos.oem3 (.text:TimerP_initDevice)
                  000046dc    00000032                        : TimerPCC26XX_nortos.oem3 (.text:TimerP_setNextTick)
                  0000470e    00000002     rf_multiMode_cc13x0.aem3 : RFCC26XX_multiMode.oem3 (.text:defaultCallback)
                  00004710    00000030     driverlib.lib : chipinfo.obj (.text:NOROM_ChipInfo_GetChipType)
                  00004740    00000030                   : setup_rom.obj (.text:NOROM_SetupSetAonRtcSubSecInc)
                  00004770    00000030     drivers_cc13x0.aem3 : PowerCC26XX.oem3 (.text:Power_setConstraint)
                  000047a0    00000030     nortos_cc13x0.aem3 : TimerPCC26XX_nortos.oem3 (.text:TimerP_getCurrentTick)
                  000047d0    00000030                        : TimerPCC26XX_nortos.oem3 (.text:TimerP_setThreshold)
                  00004800    0000002c                        : HwiPCC26XX_nortos.oem3 (.text:HwiP_dispatch)
                  0000482c    0000002c     driverlib.lib : ddi.obj (.text:NOROM_DDI32RegWrite)
                  00004858    0000002c                   : osc.obj (.text:NOROM_OSCClockSourceGet)
                  00004884    0000002c                   : rfc.obj (.text:NOROM_RFCCpePatchReset)
                  000048b0    0000002c                   : setup_rom.obj (.text:NOROM_SetupGetTrimForRadcExtCfg)
                  000048dc    0000002c     rf_multiMode_cc13x0.aem3 : RFCC26XX_multiMode.oem3 (.text:calculateDeltaTimeUs)
                  00004908    0000002c                              : RFCC26XX_multiMode.oem3 (.text:executeDirectImmediateCmd)
                  00004934    00000028     driverlib.lib : aon_batmon.obj (.text:NOROM_AONBatMonTemperatureGetDegC)
                  0000495c    00000028     drivers_cc13x0.aem3 : PowerCC26XX.oem3 (.text:Power_registerNotify)
                  00004984    00000028     driverlib.lib : rfc.obj (.text:RFCOverrideSearch)
                  000049ac    00000028     rf_multiMode_cc13x0.aem3 : RFCC26XX_multiMode.oem3 (.text:RF_runCmd)
                  000049d4    00000028     driverlib.lib : adi.obj (.text:SafeHapiVoid)
                  000049fc    00000024     nortos_cc13x0.aem3 : ClockPTimer_nortos.oem3 (.text:ClockP_getTicks)
                  00004a20    00000024                        : ClockPTimer_nortos.oem3 (.text:ClockP_scheduleNextTick)
                  00004a44    00000024     driverlib.lib : rfc.obj (.text:NOROM_RFCDoorbellSendTo)
                  00004a68    00000024     nortos_cc13x0.aem3 : TimerPCC26XX_nortos.oem3 (.text:TimerP_getMaxTicks)
                  00004a8c    00000024     rf_multiMode_cc13x0.aem3 : RFCC26XX_multiMode.oem3 (.text:allocCmd)
                  00004ab0    00000022     drivers_cc13x0.aem3 : List.oem3 (.text:List_put)
                  00004ad2    00000002                         : PowerCC26XX.oem3 (.text:emptyClockFunc)
                  00004ad4    00000020     nortos_cc13x0.aem3 : ClockPTimer_nortos.oem3 (.text:ClockP_add)
                  00004af4    00000020     driverlib.lib : rfc.obj (.text:NOROM_RFCAdi3VcoLdoVoltageMode)
                  00004b14    00000020                   : setup_rom.obj (.text:NOROM_SetupGetTrimForXoscHfCtl)
                  00004b34    00000020     RFQueue.obj (.text:RFQueue_nextEntry)
                  00004b54    00000020     rf_multiMode_cc13x0.aem3 : RFCC26XX_multiMode.oem3 (.text:clkPowerUpFxn)
                  00004b74    00000020                              : RFCC26XX_multiMode.oem3 (.text:hwiFxnCpe0ChangePhy)
                  00004b94    00000020                              : RFCC26XX_multiMode.oem3 (.text:ratIsRunning)
                  00004bb4    0000001e     drivers_cc13x0.aem3 : PINCC26XX.oem3 (.text:PIN_close)
                  00004bd2    0000001e                         : PowerCC26XX.oem3 (.text:Power_getTransitionLatency)
                  00004bf0    0000001e     nortos_cc13x0.aem3 : SemaphoreP_nortos.oem3 (.text:SemaphoreP_constructBinary)
                  00004c0e    00000002     smartrf_settings.obj (.text:enterGenfskSysPatch)
                  00004c10    0000001c     CC1350_LAUNCHXL.obj (.text:CC1350_LAUNCHXL_initGeneral)
                  00004c2c    0000001c     driverlib.lib : chipinfo.obj (.text:NOROM_ChipInfo_GetChipFamily)
                  00004c48    0000001c                   : setup_rom.obj (.text:NOROM_SetupGetTrimForAmpcompTh2)
                  00004c64    0000001c                   : setup_rom.obj (.text:NOROM_SetupGetTrimForRcOscLfRtuneCtuneTrim)
                  00004c80    0000001c     drivers_cc13x0.aem3 : PINCC26XX.oem3 (.text:PINCC26XX_setIoCfgMux)
                  00004c9c    0000001c                         : PINCC26XX.oem3 (.text:PIN_hwi)
                  00004cb8    0000001c     nortos_cc13x0.aem3 : QueueP_nortos.oem3 (.text:QueueP_put)
                  00004cd4    0000001c                        : SwiP_nortos.oem3 (.text:SwiP_disable)
                  00004cf0    0000001c                        : SwiP_nortos.oem3 (.text:SwiP_or)
                  00004d0c    0000001c                        : TimerPCC26XX_nortos.oem3 (.text:TimerP_dynamicStub)
                  00004d28    0000001c     rf_multiMode_cc13x0.aem3 : RFCC26XX_multiMode.oem3 (.text:clkInactivityFxn)
                  00004d44    0000001c     smartrf_settings.obj (.text:enterGenfskCpePatch)
                  00004d60    0000001c     rf_multiMode_cc13x0.aem3 : RFCC26XX_multiMode.oem3 (.text:rfSetConstraint)
                  00004d7c    0000001a     nortos_cc13x0.aem3 : QueueP_nortos.oem3 (.text:QueueP_get)
                  00004d96    00000018                        : ClockPTimer_nortos.oem3 (.text:ClockP_destruct)
                  00004dae    00000018                        : ClockPTimer_nortos.oem3 (.text:ClockP_getTimeout)
                  00004dc6    00000002                        : startup_cc13xx_cc26xx_ccs.oem3 (.text:faultISR)
                  00004dc8    00000018                        : HwiPCC26XX_nortos.oem3 (.text:HwiP_inISR)
                  00004de0    00000018     driverlib.lib : aon_rtc.obj (.text:NOROM_AONRTCCurrentCompareValueGet)
                  00004df8    00000018                   : chipinfo.obj (.text:NOROM_ChipInfo_GetPackageType)
                  00004e10    00000018                   : osc.obj (.text:NOROM_OSCHF_TurnOnXosc)
                  00004e28    00000018                   : rfc.obj (.text:NOROM_RFCCpeIntGetAndClear)
                  00004e40    00000018                   : setup_rom.obj (.text:NOROM_SetupGetTrimForAdcShModeEn)
                  00004e58    00000018                   : setup_rom.obj (.text:NOROM_SetupGetTrimForAdcShVbufEn)
                  00004e70    00000018                   : setup_rom.obj (.text:NOROM_SetupGetTrimForAmpcompTh1)
                  00004e88    00000018                   : setup_rom.obj (.text:NOROM_SetupGetTrimForDblrLoopFilterResetVoltage)
                  00004ea0    00000018                   : setup_rom.obj (.text:NOROM_SetupGetTrimForRcOscLfIBiasTrim)
                  00004eb8    00000018                   : setup_rom.obj (.text:NOROM_SetupGetTrimForXoscLfRegulatorAndCmirrwrRatio)
                  00004ed0    00000018     drivers_cc13x0.aem3 : PowerCC26XX.oem3 (.text:Power_idleFunc)
                  00004ee8    00000018     rf_multiMode_cc13x0.aem3 : RFCC26XX_multiMode.oem3 (.text:Q_pop)
                  00004f00    00000018                              : RFCC26XX_multiMode.oem3 (.text:ratGetChannel)
                  00004f18    00000018     rtsv7M3_T_le_eabi.lib : args_main.obj (.text)
                  00004f30    00000018                           : ll_mul_t2.obj (.text)
                  00004f48    00000018     rf_multiMode_cc13x0.aem3 : RFCC26XX_multiMode.oem3 (.text:swiFxnFsm)
                  00004f60    00000018                              : RFCC26XX_multiMode.oem3 (.text:triggDispatcher)
                  00004f78    00000016     nortos_cc13x0.aem3 : HwiPCC26XX_nortos.oem3 (.text:HwiP_setFunc)
                  00004f8e    00000016     driverlib.lib : chipinfo.obj (.text:NOROM_ThisLibraryIsFor_CC13x0_HwRev20AndLater_HaltIfViolated)
                  00004fa4    00000016     rf_multiMode_cc13x0.aem3 : RFCC26XX_multiMode.oem3 (.text:restartClockTimeout)
                  00004fba    00000002     nortos_cc13x0.aem3 : startup_cc13xx_cc26xx_ccs.oem3 (.text:intDefaultHandler)
                  00004fbc    00000014     driverlib.lib : aon_rtc.obj (.text:NOROM_AONRTCCurrent64BitValueGet)
                  00004fd0    00000014     drivers_cc13x0.aem3 : PINCC26XX.oem3 (.text:PINCC26XX_getOutputValue)
                  00004fe4    00000014                         : PowerCC26XX.oem3 (.text:Power_disablePolicy)
                  00004ff8    00000014     rf_multiMode_cc13x0.aem3 : RFCC26XX_multiMode.oem3 (.text:RF_Params_init)
                  0000500c    00000014     nortos_cc13x0.aem3 : SwiP_nortos.oem3 (.text:SwiP_handleHwi)
                  00005020    00000014                        : TimerPCC26XX_nortos.oem3 (.text:TimerP_startup)
                  00005034    00000014     drivers_cc13x0.aem3 : PowerCC26XX.oem3 (.text:configureRFCoreClocks)
                  00005048    00000014     nortos_cc13x0.aem3 : startup_cc13xx_cc26xx_ccs.oem3 (.text:resetISR)
                  0000505c    00000014     rf_multiMode_cc13x0.aem3 : RFCC26XX_multiMode.oem3 (.text:rfWaitForAck)
                  00005070    00000014     rtsv7M3_T_le_eabi.lib : _lock.obj (.text)
                  00005084    00000012     nortos_cc13x0.aem3 : HwiPCC26XX_nortos.oem3 (.text:HwiP_Params_init)
                  00005096    00000012     main_nortos.obj (.text:main)
                  000050a8    00000010     nortos_cc13x0.aem3 : ClockPTimer_nortos.oem3 (.text:ClockP_Params_init)
                  000050b8    00000010                        : HwiPCC26XX_nortos.oem3 (.text:HwiP_disable)
                  000050c8    00000010                        : HwiPCC26XX_nortos.oem3 (.text:HwiP_enableInterrupt)
                  000050d8    00000010                        : HwiPCC26XX_nortos.oem3 (.text:HwiP_post)
                  000050e8    00000010     driverlib.lib : rfc.obj (.text:NOROM_RFCHwIntGetAndClear)
                  000050f8    00000010                   : rfc.obj (.text:NOROM_RFCRfTrimSet)
                  00005108    00000010                   : setup_rom.obj (.text:NOROM_SetupGetTrimForXoscHfFastStart)
                  00005118    00000010                   : setup_rom.obj (.text:NOROM_SetupGetTrimForXoscHfIbiastherm)
                  00005128    00000010     drivers_cc13x0.aem3 : PINCC26XX.oem3 (.text:PINCC26XX_getPinCount)
                  00005138    00000010     nortos_cc13x0.aem3 : PowerCC26XX_nortos.oem3 (.text:PowerCC26XX_schedulerDisable)
                  00005148    00000010     drivers_cc13x0.aem3 : PowerCC26XX.oem3 (.text:Power_enablePolicy)
                  00005158    00000010     nortos_cc13x0.aem3 : SemaphoreP_nortos.oem3 (.text:SemaphoreP_Params_init)
                  00005168    00000010                        : SwiP_nortos.oem3 (.text:SwiP_Params_init)
                  00005178    00000010                        : TimerPCC26XX_nortos.oem3 (.text:TimerP_Params_init)
                  00005188    00000010     smartrf_settings.obj (.text:applyGenfskPatch)
                  00005198    00000010     rf_multiMode_cc13x0.aem3 : RFCC26XX_multiMode.oem3 (.text:isClientOwner)
                  000051a8    00000010                              : RFCC26XX_multiMode.oem3 (.text:rfSubmitCmdWithoutWait)
                  000051b8    0000000e     driverlib.lib : vims.obj (.text:NOROM_VIMSModeGet)
                  000051c6    0000000e     nortos_cc13x0.aem3 : QueueP_nortos.oem3 (.text:QueueP_empty)
                  000051d4    0000000e                        : QueueP_nortos.oem3 (.text:QueueP_remove)
                  000051e2    0000000e     rtsv7M3_T_le_eabi.lib : copy_decompress_none.obj (.text:decompress:none)
                  000051f0    0000000c     nortos_cc13x0.aem3 : ClockPTimer_nortos.oem3 (.text:ClockP_doTick)
                  000051fc    0000000c     rf_multiMode_cc13x0.aem3 : RFCC26XX_multiMode.oem3 (.text:FsmNextState)
                  00005208    0000000c     drivers_cc13x0.aem3 : List.oem3 (.text:List_empty)
                  00005214    0000000c     driverlib.lib : cpu.obj (.text:NOROM_CPUcpsid)
                  00005220    0000000c                   : cpu.obj (.text:NOROM_CPUcpsie)
                  0000522c    0000000c                   : osc.obj (.text:NOROM_OSC_HPOSCRelativeFrequencyOffsetToRFCoreFormatConvert)
                  00005238    0000000c     nortos_cc13x0.aem3 : PowerCC26XX_nortos.oem3 (.text:PowerCC26XX_schedulerRestore)
                  00005244    0000000c     drivers_cc13x0.aem3 : PowerCC26XX.oem3 (.text:Power_getConstraintMask)
                  00005250    0000000c                         : PowerCC26XX.oem3 (.text:Power_getDependencyCount)
                  0000525c    0000000c     RFQueue.obj (.text:RFQueue_getDataEntry)
                  00005268    0000000c     nortos_cc13x0.aem3 : SwiP_nortos.oem3 (.text:SwiP_getTrigger)
                  00005274    0000000c                        : TimerPCC26XX_nortos.oem3 (.text:TimerP_getFreq)
                  00005280    0000000c     rtsv7M3_T_le_eabi.lib : copy_zero_init.obj (.text:decompress:ZI)
                  0000528c    0000000c     rf_multiMode_cc13x0.aem3 : RFCC26XX_multiMode.oem3 (.text:rfGetConstraint)
                  00005298    00000008     nortos_cc13x0.aem3 : HwiPCC26XX_nortos.oem3 (.text:HwiP_restore)
                  000052a0    00000008     smartrf_settings.obj (.text:rf_patch_cpe_genfsk)
                  000052a8    00000006     nortos_cc13x0.aem3 : ClockPTimer_nortos.oem3 (.text:ClockP_stop)
                  000052ae    00000006     driverlib.lib : cpu.obj (.text:NOROM_CPUdelay)
                  000052b4    00000006     nortos_cc13x0.aem3 : QueueP_nortos.oem3 (.text:QueueP_init)
                  000052ba    00000006     rf_multiMode_cc13x0.aem3 : RFCC26XX_multiMode.oem3 (.text:clkReqAccessFxn)
                  000052c0    00000004     nortos_cc13x0.aem3 : PowerCC26XX_nortos.oem3 (.text:CPUwfi)
                  000052c4    00000004                        : ClockPTimer_nortos.oem3 (.text:ClockP_isActive)
                  000052c8    00000004                        : ClockPTimer_nortos.oem3 (.text:ClockP_setTimeout)
                  000052cc    00000004                        : HwiPCC26XX_nortos.oem3 (.text:HwiP_enable)
                  000052d0    00000004     drivers_cc13x0.aem3 : List.oem3 (.text:List_head)
                  000052d4    00000004                         : List.oem3 (.text:List_next)
                  000052d8    00000004     driverlib.lib : rfc.obj (.text:NOROM_RFCOverrideUpdate)
                  000052dc    00000004     drivers_cc13x0.aem3 : PowerCC26XX.oem3 (.text:PowerCC26XX_switchXOSC_HF)
                  000052e0    00000004     rf_multiMode_cc13x0.aem3 : RFCC26XX_multiMode.oem3 (.text:Q_peek)
                  000052e4    00000004     nortos_cc13x0.aem3 : QueueP_nortos.oem3 (.text:QueueP_head)
                  000052e8    00000004                        : QueueP_nortos.oem3 (.text:QueueP_next)
                  000052ec    00000004                        : TimerPCC26XX_nortos.oem3 (.text:TimerP_getCount64)
                  000052f0    00000004     drivers_cc13x0.aem3 : PowerCC26XX.oem3 (.text:nopResourceHandler)
                  000052f4    00000004     rtsv7M3_T_le_eabi.lib : pre_init.obj (.text)
                  000052f8    00000002     nortos_cc13x0.aem3 : startup_cc13xx_cc26xx_ccs.oem3 (.text:nmiISR)
                  000052fa    00000002     rtsv7M3_T_le_eabi.lib : mpu_init.obj (.text)
                  000052fc    00000002                           : startup.obj (.text)

.const     0    00005300    00000a68     
                  00005300    000006b4     smartrf_settings.obj (.const:patchGenfskRfe)
                  000059b4    000002b0     smartrf_settings.obj (.const:patchImageGenfsk)
                  00005c64    0000004c     drivers_cc13x0.aem3 : PowerCC26XX.oem3 (.const:resourceDB)
                  00005cb0    00000034     CC1350_LAUNCHXL.obj (.const:BoardGpioInitTable)
                  00005ce4    0000001c     rf_multiMode_cc13x0.aem3 : RFCC26XX_multiMode.oem3 (.const:RF_defaultParams)
                  00005d00    00000018     CC1350_LAUNCHXL.obj (.const:PowerCC26XX_config)
                  00005d18    00000018     driverlib.lib : rfc.obj (.const:rfc_defaultIrqAddr)
                  00005d30    00000014     CC1350_LAUNCHXL.obj (.const:$P$T1$2)
                  00005d44    00000010     nortos_cc13x0.aem3 : SwiP_nortos.oem3 (.const:SwiP_defaultParams)
                  00005d54    00000008     CC1350_LAUNCHXL.obj (.const:$P$T0$1)
                  00005d5c    00000008     CC1350_LAUNCHXL.obj (.const:PINCC26XX_hwAttrs)
                  00005d64    00000004     CC1350_LAUNCHXL.obj (.const:RFCC26XX_hwAttrs)

.cinit     0    00005d70    00000118     
                  00005d70    000000df     (.cinit..data.load) [load image, compression = lzss]
                  00005e4f    00000001     --HOLE-- [fill = 0]
                  00005e50    0000000c     (__TI_handler_table)
                  00005e5c    00000004     --HOLE-- [fill = 0]
                  00005e60    00000008     (.cinit..bss.load) [load image, compression = zero_init]
                  00005e68    00000008     (.cinit..vtable_ram.load) [load image, compression = zero_init]
                  00005e70    00000018     (__TI_cinit_table)

.init_array 
*          0    00000000    00000000     UNINITIALIZED

.binit     0    00000000    00000000     

.args      0    00005d68    00000008     
                  00005d68    00000008     --HOLE-- [fill = 0]

.ccfg      0    0001ffa8    00000058     
                  0001ffa8    00000058     ccfg.obj (.ccfg:retain)

.bss       0    20000000    00000504     UNINITIALIZED
                  20000000    00000318     rf_multiMode_cc13x0.aem3 : RFCC26XX_multiMode.oem3 (.bss:$O1$$)
                  20000318    000000c8     rfPacketRx.obj (.bss:rfObject)
                  200003e0    00000058     rfPacketRx.obj (.bss:rxDataEntryBuffer)
                  20000438    0000003c     nortos_cc13x0.aem3 : SwiP_nortos.oem3 (.bss:$O1$$)
                  20000474    00000020     rfPacketRx.obj (.bss:packet)
                  20000494    00000014     driverlib.lib : osc.obj (.bss:oscHfGlobals)
                  200004a8    00000014     rf_multiMode_cc13x0.aem3 : RFCC26XX_multiMode.oem3 (.bss:ratCmd)
                  200004bc    00000014     rfPacketRx.obj (.bss)
                  200004d0    0000000d     nortos_cc13x0.aem3 : SwiP_nortos.oem3 (.bss)
                  200004dd    00000001     rf_multiMode_cc13x0.aem3 : RFCC26XX_multiMode.oem3 (.bss)
                  200004de    00000001     (.common:driverlib_release_0_50218)
                  200004df    00000001     --HOLE--
                  200004e0    0000000c     rfPacketRx.obj (.bss:ledPinState)
                  200004ec    00000008     rfPacketRx.obj (.bss:dataQueue)
                  200004f4    00000008     driverlib.lib : sys_ctrl.obj (.bss:powerQualGlobals)
                  200004fc    00000004     nortos_cc13x0.aem3 : PowerCC26XX_nortos.oem3 (.bss)
                  20000500    00000004     (.common:readEntry)

.data      0    20000508    000004dd     UNINITIALIZED
                  20000508    00000114     drivers_cc13x0.aem3 : PINCC26XX.oem3 (.data:$O1$$)
                  2000061c    00000114                         : PowerCC26XX.oem3 (.data:PowerCC26XX_module)
                  20000730    000000d0     nortos_cc13x0.aem3 : HwiPCC26XX_nortos.oem3 (.data:$O1$$)
                  20000800    000000c0                        : ClockPTimer_nortos.oem3 (.data:$O1$$)
                  200008c0    00000054     smartrf_settings.obj (.data:pOverrides)
                  20000914    00000030     nortos_cc13x0.aem3 : TimerPCC26XX_nortos.oem3 (.data:$O1$$)
                  20000944    00000028     smartrf_settings.obj (.data:RF_cmdPropRadioDivSetup)
                  2000096c    00000024     smartrf_settings.obj (.data:RF_cmdPropRx)
                  20000990    00000018     smartrf_settings.obj (.data:RF_cmdFs)
                  200009a8    00000010     smartrf_settings.obj (.data:RF_prop)
                  200009b8    0000000c     nortos_cc13x0.aem3 : SemaphoreP_nortos.oem3 (.data:$O1$$)
                  200009c4    0000000c     rtsv7M3_T_le_eabi.lib : exit.obj (.data:$O1$$)
                  200009d0    00000008                           : _lock.obj (.data:$O1$$)
                  200009d8    00000008     rfPacketRx.obj (.data:pinTable)
                  200009e0    00000004     rtsv7M3_T_le_eabi.lib : stkdepth_vars.obj (.data)
                  200009e4    00000001     nortos_cc13x0.aem3 : SwiP_nortos.oem3 (.data)

.sysmem    0    200009e8    00000100     UNINITIALIZED
                  200009e8    00000008     rtsv7M3_T_le_eabi.lib : memory.obj (.sysmem)
                  200009f0    000000f8     --HOLE--

.vtable_ram 
*          0    20000b00    000000c8     UNINITIALIZED
                  20000b00    000000c8     driverlib.lib : interrupt.obj (.vtable_ram)

.stack     0    20004c00    00000400     UNINITIALIZED
                  20004c00    00000400     --HOLE--

MODULE SUMMARY

       Module                            code    ro data   rw data
       ------                            ----    -------   -------
    .\
       rfPacketRx.obj                    568     0         368    
       CC1350_LAUNCHXL.obj               300     116       0      
       RFQueue.obj                       268     0         4      
       ccfg.obj                          0       88        0      
       main_nortos.obj                   18      0         0      
    +--+---------------------------------+-------+---------+---------+
       Total:                            1154    204       372    
                                                                  
    .\smartrf_settings\
       smartrf_settings.obj              446     2404      200    
    +--+---------------------------------+-------+---------+---------+
       Total:                            446     2404      200    
                                                                  
    C:/ti/simplelink_cc13x0_sdk_1_60_00_21/kernel/nortos/lib/nortos_cc13x0.aem3
       ClockPTimer_nortos.oem3           886     0         192    
       SwiP_nortos.oem3                  652     16        74     
       TimerPCC26XX_nortos.oem3          602     0         48     
       HwiPCC26XX_nortos.oem3            288     0         208    
       SemaphoreP_nortos.oem3            340     0         12     
       PowerCC26XX_nortos.oem3           288     0         4      
       startup_cc13xx_cc26xx_ccs.oem3    26      200       0      
       QueueP_nortos.oem3                96      0         0      
    +--+---------------------------------+-------+---------+---------+
       Total:                            3178    216       538    
                                                                  
    C:/ti/simplelink_cc13x0_sdk_1_60_00_21/source/ti/devices/cc13x0/driverlib/bin/ccs/driverlib.lib
       setup_rom.obj                     1456    0         0      
       sys_ctrl.obj                      760     0         8      
       rfc.obj                           680     24        0      
       osc.obj                           388     0         20     
       setup.obj                         364     0         0      
       interrupt.obj                     52      0         200    
       chipinfo.obj                      182     0         0      
       aon_rtc.obj                       44      0         0      
       ddi.obj                           44      0         0      
       adi.obj                           40      0         0      
       aon_batmon.obj                    40      0         0      
       cpu.obj                           30      0         0      
       vims.obj                          14      0         0      
       driverlib_release.obj             0       0         1      
    +--+---------------------------------+-------+---------+---------+
       Total:                            4094    24        229    
                                                                  
    C:/ti/simplelink_cc13x0_sdk_1_60_00_21/source/ti/drivers/lib/drivers_cc13x0.aem3
       PowerCC26XX.oem3                  2124    76        276    
       PINCC26XX.oem3                    1198    0         276    
       PowerCC26XX_calibrateRCOSC.oem3   1380    0         0      
       List.oem3                         54      0         0      
    +--+---------------------------------+-------+---------+---------+
       Total:                            4756    76        552    
                                                                  
    C:/ti/simplelink_cc13x0_sdk_1_60_00_21/source/ti/drivers/rf/lib/rf_multiMode_cc13x0.aem3
       RFCC26XX_multiMode.oem3           6098    28        813    
    +--+---------------------------------+-------+---------+---------+
       Total:                            6098    28        813    
                                                                  
    C:\ti\ccsv7\tools\compiler\ti-cgt-arm_16.9.6.LTS\lib\rtsv7M3_T_le_eabi.lib
       ull_div_t2.obj                    500     0         0      
       memcpy_t2.obj                     156     0         0      
       memset_t2.obj                     122     0         0      
       autoinit.obj                      112     0         0      
       copy_decompress_lzss.obj          104     0         0      
       exit.obj                          84      0         12     
       cpy_tbl.obj                       76      0         0      
       boot.obj                          64      0         0      
       _lock.obj                         20      0         8      
       args_main.obj                     24      0         0      
       ll_mul_t2.obj                     24      0         0      
       copy_decompress_none.obj          14      0         0      
       copy_zero_init.obj                12      0         0      
       pre_init.obj                      4       0         0      
       stkdepth_vars.obj                 0       0         4      
       mpu_init.obj                      2       0         0      
       startup.obj                       2       0         0      
    +--+---------------------------------+-------+---------+---------+
       Total:                            1320    0         24     
                                                                  
       Heap:                             0       0         256    
       Stack:                            0       0         1024   
       Linker Generated:                 0       275       0      
    +--+---------------------------------+-------+---------+---------+
       Grand Total:                      21046   3227      4008   


LINKER GENERATED COPY TABLES

__TI_cinit_table @ 00005e70 records: 3, size/record: 8, table size: 24
	.data: load addr=00005d70, load size=000000df bytes, run addr=20000508, run size=000004dd bytes, compression=lzss
	.bss: load addr=00005e60, load size=00000008 bytes, run addr=20000000, run size=00000504 bytes, compression=zero_init
	.vtable_ram: load addr=00005e68, load size=00000008 bytes, run addr=20000b00, run size=000000c8 bytes, compression=zero_init


LINKER GENERATED HANDLER TABLE

__TI_handler_table @ 00005e50 records: 3, size/record: 4, table size: 12
	index: 0, handler: __TI_zero_init
	index: 1, handler: __TI_decompress_lzss
	index: 2, handler: __TI_decompress_none


GLOBAL SYMBOLS: SORTED ALPHABETICALLY BY Name 

address   name                                                        
-------   ----                                                        
00005cb0  BoardGpioInitTable                                          
00003f11  C$$EXIT                                                     
00004c11  CC1350_LAUNCHXL_initGeneral                                 
00003255  CC1350_LAUNCHXL_sendExtFlashByte                            
00004299  CC1350_LAUNCHXL_shutDownExtFlash                            
00004055  CC1350_LAUNCHXL_wakeUpExtFlash                              
000050a9  ClockP_Params_init                                          
00004ad5  ClockP_add                                                  
00004185  ClockP_construct                                            
00004d97  ClockP_destruct                                             
000051f1  ClockP_doTick                                               
000049fd  ClockP_getTicks                                             
000045a5  ClockP_getTicksUntilInterrupt                               
00004daf  ClockP_getTimeout                                           
000052c5  ClockP_isActive                                             
00004a21  ClockP_scheduleNextTick                                     
000052c9  ClockP_setTimeout                                           
0000335d  ClockP_start                                                
00002da9  ClockP_startup                                              
000052a9  ClockP_stop                                                 
20000804  ClockP_tickPeriod                                           
0000354d  ClockP_walkQueueDynamic                                     
00002a71  ClockP_workFuncDynamic                                      
00005085  HwiP_Params_init                                            
000034d5  HwiP_construct                                              
000050b9  HwiP_disable                                                
000052cd  HwiP_enable                                                 
000050c9  HwiP_enableInterrupt                                        
00004dc9  HwiP_inISR                                                  
000050d9  HwiP_post                                                   
00005299  HwiP_restore                                                
00004f79  HwiP_setFunc                                                
20000734  HwiP_swiPIntNum                                             
00005209  List_empty                                                  
000052d1  List_head                                                   
000052d5  List_next                                                   
00004ab1  List_put                                                    
00004935  NOROM_AONBatMonTemperatureGetDegC                           
00004fbd  NOROM_AONRTCCurrent64BitValueGet                            
00004de1  NOROM_AONRTCCurrentCompareValueGet                          
00005215  NOROM_CPUcpsid                                              
00005221  NOROM_CPUcpsie                                              
000052af  NOROM_CPUdelay                                              
00004c2d  NOROM_ChipInfo_GetChipFamily                                
00004711  NOROM_ChipInfo_GetChipType                                  
00004359  NOROM_ChipInfo_GetHwRevision                                
00004df9  NOROM_ChipInfo_GetPackageType                               
0000482d  NOROM_DDI32RegWrite                                         
000045d9  NOROM_IntRegister                                           
00004859  NOROM_OSCClockSourceGet                                     
00003b21  NOROM_OSCClockSourceSet                                     
00003a59  NOROM_OSCHF_AttemptToSwitchToXosc                           
0000460d  NOROM_OSCHF_SwitchToRcOscTurnOffXosc                        
00004e11  NOROM_OSCHF_TurnOnXosc                                      
00004395  NOROM_OSC_HPOSCRelativeFrequencyOffsetGet                   
0000522d  NOROM_OSC_HPOSCRelativeFrequencyOffsetToRFCoreFormatConvert 
00004af5  NOROM_RFCAdi3VcoLdoVoltageMode                              
00004e29  NOROM_RFCCpeIntGetAndClear                                  
00004885  NOROM_RFCCpePatchReset                                      
00004a45  NOROM_RFCDoorbellSendTo                                     
000050e9  NOROM_RFCHwIntGetAndClear                                   
000052d9  NOROM_RFCOverrideUpdate                                     
000024a5  NOROM_RFCRTrim                                              
000023d1  NOROM_RFCRfTrimRead                                         
000050f9  NOROM_RFCRfTrimSet                                          
000043d1  NOROM_RFCSynthPowerDown                                     
00002bc1  NOROM_SetupAfterColdResetWakeupFromShutDownCfg1             
00001e7d  NOROM_SetupAfterColdResetWakeupFromShutDownCfg2             
00001b45  NOROM_SetupAfterColdResetWakeupFromShutDownCfg3             
00004e41  NOROM_SetupGetTrimForAdcShModeEn                            
00004e59  NOROM_SetupGetTrimForAdcShVbufEn                            
00003781  NOROM_SetupGetTrimForAmpcompCtrl                            
00004e71  NOROM_SetupGetTrimForAmpcompTh1                             
00004c49  NOROM_SetupGetTrimForAmpcompTh2                             
000037e9  NOROM_SetupGetTrimForAnabypassValue1                        
00004e89  NOROM_SetupGetTrimForDblrLoopFilterResetVoltage             
000048b1  NOROM_SetupGetTrimForRadcExtCfg                             
00004ea1  NOROM_SetupGetTrimForRcOscLfIBiasTrim                       
00004c65  NOROM_SetupGetTrimForRcOscLfRtuneCtuneTrim                  
00004b15  NOROM_SetupGetTrimForXoscHfCtl                              
00005109  NOROM_SetupGetTrimForXoscHfFastStart                        
00005119  NOROM_SetupGetTrimForXoscHfIbiastherm                       
00004eb9  NOROM_SetupGetTrimForXoscLfRegulatorAndCmirrwrRatio         
00004741  NOROM_SetupSetAonRtcSubSecInc                               
00003f65  NOROM_SetupSetCacheModeAccordingToCcfgSetting               
000035c1  NOROM_SetupSetVddrLevel                                     
00002b19  NOROM_SetupTrimDevice                                       
00003851  NOROM_SysCtrlAdjustRechargeAfterPowerDown                   
00000799  NOROM_SysCtrlSetRechargeBeforePowerDown                     
000038b9  NOROM_SysCtrl_DCDC_VoltageConditionalControl                
00004f8f  NOROM_ThisLibraryIsFor_CC13x0_HwRev20AndLater_HaltIfViolated
000051b9  NOROM_VIMSModeGet                                           
000052cd  NoRTOS_start                                                
00005129  PINCC26XX_getPinCount                                       
00005d5c  PINCC26XX_hwAttrs                                           
00004bb5  PIN_close                                                   
00004fd1  PIN_getOutputValue                                          
00000fbd  PIN_init                                                    
00002f7d  PIN_open                                                    
00003e11  PIN_remove                                                  
00004641  PIN_setConfig                                               
000044fd  PIN_setOutputValue                                          
00003ca1  PowerCC26XX_RCOSC_clockFunc                                 
0000048d  PowerCC26XX_auxISR                                          
00003cfd  PowerCC26XX_calibrate                                       
00005d00  PowerCC26XX_config                                          
00001325  PowerCC26XX_doCalibrate                                     
00003715  PowerCC26XX_initiateCalibration                             
0000440d  PowerCC26XX_isStableXOSC_HF                                 
2000061c  PowerCC26XX_module                                          
00005139  PowerCC26XX_schedulerDisable                                
00005239  PowerCC26XX_schedulerRestore                                
00001d7d  PowerCC26XX_standbyPolicy                                   
000052dd  PowerCC26XX_switchXOSC_HF                                   
00004fe5  Power_disablePolicy                                         
00005149  Power_enablePolicy                                          
00005245  Power_getConstraintMask                                     
00005251  Power_getDependencyCount                                    
00004bd3  Power_getTransitionLatency                                  
00004ed1  Power_idleFunc                                              
00001c69  Power_init                                                  
0000495d  Power_registerNotify                                        
00004675  Power_releaseConstraint                                     
0000262d  Power_releaseDependency                                     
00004771  Power_setConstraint                                         
00002859  Power_setDependency                                         
000009c1  Power_sleep                                                 
000051c7  QueueP_empty                                                
00004d7d  QueueP_get                                                  
000052e5  QueueP_head                                                 
000052b5  QueueP_init                                                 
000052e9  QueueP_next                                                 
00004cb9  QueueP_put                                                  
000051d5  QueueP_remove                                               
00005d64  RFCC26XX_hwAttrs                                            
0000205d  RFQueue_defineQueue                                         
0000525d  RFQueue_getDataEntry                                        
00004b35  RFQueue_nextEntry                                           
00004ff9  RF_Params_init                                              
20000990  RF_cmdFs                                                    
20000944  RF_cmdPropRadioDivSetup                                     
2000096c  RF_cmdPropRx                                                
00003b81  RF_getCurrentTime                                           
00000dd9  RF_open                                                     
00001f6d  RF_pendCmd                                                  
000026e9  RF_postCmd                                                  
200009a8  RF_prop                                                     
000049ad  RF_runCmd                                                   
UNDEFED   SHT$$INIT_ARRAY$$Base                                       
UNDEFED   SHT$$INIT_ARRAY$$Limit                                      
000049d5  SafeHapiVoid                                                
00005159  SemaphoreP_Params_init                                      
00003fb5  SemaphoreP_construct                                        
00004bf1  SemaphoreP_constructBinary                                  
200009bc  SemaphoreP_defaultParams                                    
00003015  SemaphoreP_pend                                             
00004449  SemaphoreP_post                                             
00005169  SwiP_Params_init                                            
000022f9  SwiP_construct                                              
00004cd5  SwiP_disable                                                
00002d09  SwiP_dispatch                                               
00005269  SwiP_getTrigger                                             
00004cf1  SwiP_or                                                     
00003921  SwiP_post                                                   
00004211  SwiP_restore                                                
00005179  TimerP_Params_init                                          
000029c1  TimerP_construct                                            
00004d0d  TimerP_dynamicStub                                          
000052ed  TimerP_getCount64                                           
000047a1  TimerP_getCurrentTick                                       
00005275  TimerP_getFreq                                              
00004a69  TimerP_getMaxTicks                                          
000046a9  TimerP_initDevice                                           
000046dd  TimerP_setNextTick                                          
000047d1  TimerP_setThreshold                                         
00003635  TimerP_start                                                
00005021  TimerP_startup                                              
20005000  __STACK_END                                                 
00000400  __STACK_SIZE                                                
00000100  __SYSMEM_SIZE                                               
00005e70  __TI_CINIT_Base                                             
00005e88  __TI_CINIT_Limit                                            
00005e50  __TI_Handler_Table_Base                                     
00005e5c  __TI_Handler_Table_Limit                                    
000036a5  __TI_auto_init                                              
200009c4  __TI_cleanup_ptr                                            
00003989  __TI_decompress_lzss                                        
000051e3  __TI_decompress_none                                        
200009c8  __TI_dtors_ptr                                              
200009cc  __TI_enable_exit_profile_output                             
ffffffff  __TI_pprof_out_hndl                                         
ffffffff  __TI_prof_data_size                                         
ffffffff  __TI_prof_data_start                                        
00000000  __TI_static_base__                                          
00005281  __TI_zero_init                                              
00004f31  __aeabi_lmul                                                
00003459  __aeabi_memclr                                              
00003459  __aeabi_memclr4                                             
00003459  __aeabi_memclr8                                             
00002ee1  __aeabi_memcpy                                              
00002ee1  __aeabi_memcpy4                                             
00002ee1  __aeabi_memcpy8                                             
0000345b  __aeabi_memset                                              
0000345b  __aeabi_memset4                                             
0000345b  __aeabi_memset8                                             
00000be5  __aeabi_uldivmod                                            
ffffffff  __binit__                                                   
00005d68  __c_args__                                                  
0001ffa8  __ccfg                                                      
000052fb  __mpu_init                                                  
20004c00  __stack                                                     
00004f19  _args_main                                                  
00004319  _c_int00                                                    
200009d0  _lock                                                       
0000507f  _nop                                                        
00005077  _register_lock                                              
00005071  _register_unlock                                            
200009e8  _sys_memory                                                 
000052fd  _system_post_cinit                                          
000052f5  _system_pre_init                                            
200009d4  _unlock                                                     
00003f15  abort                                                       
ffffffff  binit                                                       
000034d3  clkFxn                                                      
00004139  copy_in                                                     
200004de  driverlib_release_0_50218                                   
00003f1d  exit                                                        
20000b00  g_pfnRAMVectors                                             
00000000  g_pfnVectors                                                
00005097  main                                                        
00001179  mainThread                                                  
200009e0  main_func_sp                                                
00002ee1  memcpy                                                      
00003461  memset                                                      
200005a0  pinHandleTable                                              
2000050c  pinLowerBound                                               
200009d8  pinTable                                                    
20000508  pinUpperBound                                               
20000500  readEntry                                                   
00005049  resetISR                                                    
00005c64  resourceDB                                                  
0000528d  rfGetConstraint                                             
0000456d  rfReleaseConstraint                                         
00004d61  rfSetConstraint                                             


GLOBAL SYMBOLS: SORTED BY Symbol Address 

address   name                                                        
-------   ----                                                        
00000000  __TI_static_base__                                          
00000000  g_pfnVectors                                                
00000100  __SYSMEM_SIZE                                               
00000400  __STACK_SIZE                                                
0000048d  PowerCC26XX_auxISR                                          
00000799  NOROM_SysCtrlSetRechargeBeforePowerDown                     
000009c1  Power_sleep                                                 
00000be5  __aeabi_uldivmod                                            
00000dd9  RF_open                                                     
00000fbd  PIN_init                                                    
00001179  mainThread                                                  
00001325  PowerCC26XX_doCalibrate                                     
00001b45  NOROM_SetupAfterColdResetWakeupFromShutDownCfg3             
00001c69  Power_init                                                  
00001d7d  PowerCC26XX_standbyPolicy                                   
00001e7d  NOROM_SetupAfterColdResetWakeupFromShutDownCfg2             
00001f6d  RF_pendCmd                                                  
0000205d  RFQueue_defineQueue                                         
000022f9  SwiP_construct                                              
000023d1  NOROM_RFCRfTrimRead                                         
000024a5  NOROM_RFCRTrim                                              
0000262d  Power_releaseDependency                                     
000026e9  RF_postCmd                                                  
00002859  Power_setDependency                                         
000029c1  TimerP_construct                                            
00002a71  ClockP_workFuncDynamic                                      
00002b19  NOROM_SetupTrimDevice                                       
00002bc1  NOROM_SetupAfterColdResetWakeupFromShutDownCfg1             
00002d09  SwiP_dispatch                                               
00002da9  ClockP_startup                                              
00002ee1  __aeabi_memcpy                                              
00002ee1  __aeabi_memcpy4                                             
00002ee1  __aeabi_memcpy8                                             
00002ee1  memcpy                                                      
00002f7d  PIN_open                                                    
00003015  SemaphoreP_pend                                             
00003255  CC1350_LAUNCHXL_sendExtFlashByte                            
0000335d  ClockP_start                                                
00003459  __aeabi_memclr                                              
00003459  __aeabi_memclr4                                             
00003459  __aeabi_memclr8                                             
0000345b  __aeabi_memset                                              
0000345b  __aeabi_memset4                                             
0000345b  __aeabi_memset8                                             
00003461  memset                                                      
000034d3  clkFxn                                                      
000034d5  HwiP_construct                                              
0000354d  ClockP_walkQueueDynamic                                     
000035c1  NOROM_SetupSetVddrLevel                                     
00003635  TimerP_start                                                
000036a5  __TI_auto_init                                              
00003715  PowerCC26XX_initiateCalibration                             
00003781  NOROM_SetupGetTrimForAmpcompCtrl                            
000037e9  NOROM_SetupGetTrimForAnabypassValue1                        
00003851  NOROM_SysCtrlAdjustRechargeAfterPowerDown                   
000038b9  NOROM_SysCtrl_DCDC_VoltageConditionalControl                
00003921  SwiP_post                                                   
00003989  __TI_decompress_lzss                                        
00003a59  NOROM_OSCHF_AttemptToSwitchToXosc                           
00003b21  NOROM_OSCClockSourceSet                                     
00003b81  RF_getCurrentTime                                           
00003ca1  PowerCC26XX_RCOSC_clockFunc                                 
00003cfd  PowerCC26XX_calibrate                                       
00003e11  PIN_remove                                                  
00003f11  C$$EXIT                                                     
00003f15  abort                                                       
00003f1d  exit                                                        
00003f65  NOROM_SetupSetCacheModeAccordingToCcfgSetting               
00003fb5  SemaphoreP_construct                                        
00004055  CC1350_LAUNCHXL_wakeUpExtFlash                              
00004139  copy_in                                                     
00004185  ClockP_construct                                            
00004211  SwiP_restore                                                
00004299  CC1350_LAUNCHXL_shutDownExtFlash                            
00004319  _c_int00                                                    
00004359  NOROM_ChipInfo_GetHwRevision                                
00004395  NOROM_OSC_HPOSCRelativeFrequencyOffsetGet                   
000043d1  NOROM_RFCSynthPowerDown                                     
0000440d  PowerCC26XX_isStableXOSC_HF                                 
00004449  SemaphoreP_post                                             
000044fd  PIN_setOutputValue                                          
0000456d  rfReleaseConstraint                                         
000045a5  ClockP_getTicksUntilInterrupt                               
000045d9  NOROM_IntRegister                                           
0000460d  NOROM_OSCHF_SwitchToRcOscTurnOffXosc                        
00004641  PIN_setConfig                                               
00004675  Power_releaseConstraint                                     
000046a9  TimerP_initDevice                                           
000046dd  TimerP_setNextTick                                          
00004711  NOROM_ChipInfo_GetChipType                                  
00004741  NOROM_SetupSetAonRtcSubSecInc                               
00004771  Power_setConstraint                                         
000047a1  TimerP_getCurrentTick                                       
000047d1  TimerP_setThreshold                                         
0000482d  NOROM_DDI32RegWrite                                         
00004859  NOROM_OSCClockSourceGet                                     
00004885  NOROM_RFCCpePatchReset                                      
000048b1  NOROM_SetupGetTrimForRadcExtCfg                             
00004935  NOROM_AONBatMonTemperatureGetDegC                           
0000495d  Power_registerNotify                                        
000049ad  RF_runCmd                                                   
000049d5  SafeHapiVoid                                                
000049fd  ClockP_getTicks                                             
00004a21  ClockP_scheduleNextTick                                     
00004a45  NOROM_RFCDoorbellSendTo                                     
00004a69  TimerP_getMaxTicks                                          
00004ab1  List_put                                                    
00004ad5  ClockP_add                                                  
00004af5  NOROM_RFCAdi3VcoLdoVoltageMode                              
00004b15  NOROM_SetupGetTrimForXoscHfCtl                              
00004b35  RFQueue_nextEntry                                           
00004bb5  PIN_close                                                   
00004bd3  Power_getTransitionLatency                                  
00004bf1  SemaphoreP_constructBinary                                  
00004c11  CC1350_LAUNCHXL_initGeneral                                 
00004c2d  NOROM_ChipInfo_GetChipFamily                                
00004c49  NOROM_SetupGetTrimForAmpcompTh2                             
00004c65  NOROM_SetupGetTrimForRcOscLfRtuneCtuneTrim                  
00004cb9  QueueP_put                                                  
00004cd5  SwiP_disable                                                
00004cf1  SwiP_or                                                     
00004d0d  TimerP_dynamicStub                                          
00004d61  rfSetConstraint                                             
00004d7d  QueueP_get                                                  
00004d97  ClockP_destruct                                             
00004daf  ClockP_getTimeout                                           
00004dc9  HwiP_inISR                                                  
00004de1  NOROM_AONRTCCurrentCompareValueGet                          
00004df9  NOROM_ChipInfo_GetPackageType                               
00004e11  NOROM_OSCHF_TurnOnXosc                                      
00004e29  NOROM_RFCCpeIntGetAndClear                                  
00004e41  NOROM_SetupGetTrimForAdcShModeEn                            
00004e59  NOROM_SetupGetTrimForAdcShVbufEn                            
00004e71  NOROM_SetupGetTrimForAmpcompTh1                             
00004e89  NOROM_SetupGetTrimForDblrLoopFilterResetVoltage             
00004ea1  NOROM_SetupGetTrimForRcOscLfIBiasTrim                       
00004eb9  NOROM_SetupGetTrimForXoscLfRegulatorAndCmirrwrRatio         
00004ed1  Power_idleFunc                                              
00004f19  _args_main                                                  
00004f31  __aeabi_lmul                                                
00004f79  HwiP_setFunc                                                
00004f8f  NOROM_ThisLibraryIsFor_CC13x0_HwRev20AndLater_HaltIfViolated
00004fbd  NOROM_AONRTCCurrent64BitValueGet                            
00004fd1  PIN_getOutputValue                                          
00004fe5  Power_disablePolicy                                         
00004ff9  RF_Params_init                                              
00005021  TimerP_startup                                              
00005049  resetISR                                                    
00005071  _register_unlock                                            
00005077  _register_lock                                              
0000507f  _nop                                                        
00005085  HwiP_Params_init                                            
00005097  main                                                        
000050a9  ClockP_Params_init                                          
000050b9  HwiP_disable                                                
000050c9  HwiP_enableInterrupt                                        
000050d9  HwiP_post                                                   
000050e9  NOROM_RFCHwIntGetAndClear                                   
000050f9  NOROM_RFCRfTrimSet                                          
00005109  NOROM_SetupGetTrimForXoscHfFastStart                        
00005119  NOROM_SetupGetTrimForXoscHfIbiastherm                       
00005129  PINCC26XX_getPinCount                                       
00005139  PowerCC26XX_schedulerDisable                                
00005149  Power_enablePolicy                                          
00005159  SemaphoreP_Params_init                                      
00005169  SwiP_Params_init                                            
00005179  TimerP_Params_init                                          
000051b9  NOROM_VIMSModeGet                                           
000051c7  QueueP_empty                                                
000051d5  QueueP_remove                                               
000051e3  __TI_decompress_none                                        
000051f1  ClockP_doTick                                               
00005209  List_empty                                                  
00005215  NOROM_CPUcpsid                                              
00005221  NOROM_CPUcpsie                                              
0000522d  NOROM_OSC_HPOSCRelativeFrequencyOffsetToRFCoreFormatConvert 
00005239  PowerCC26XX_schedulerRestore                                
00005245  Power_getConstraintMask                                     
00005251  Power_getDependencyCount                                    
0000525d  RFQueue_getDataEntry                                        
00005269  SwiP_getTrigger                                             
00005275  TimerP_getFreq                                              
00005281  __TI_zero_init                                              
0000528d  rfGetConstraint                                             
00005299  HwiP_restore                                                
000052a9  ClockP_stop                                                 
000052af  NOROM_CPUdelay                                              
000052b5  QueueP_init                                                 
000052c5  ClockP_isActive                                             
000052c9  ClockP_setTimeout                                           
000052cd  HwiP_enable                                                 
000052cd  NoRTOS_start                                                
000052d1  List_head                                                   
000052d5  List_next                                                   
000052d9  NOROM_RFCOverrideUpdate                                     
000052dd  PowerCC26XX_switchXOSC_HF                                   
000052e5  QueueP_head                                                 
000052e9  QueueP_next                                                 
000052ed  TimerP_getCount64                                           
000052f5  _system_pre_init                                            
000052fb  __mpu_init                                                  
000052fd  _system_post_cinit                                          
00005c64  resourceDB                                                  
00005cb0  BoardGpioInitTable                                          
00005d00  PowerCC26XX_config                                          
00005d5c  PINCC26XX_hwAttrs                                           
00005d64  RFCC26XX_hwAttrs                                            
00005d68  __c_args__                                                  
00005e50  __TI_Handler_Table_Base                                     
00005e5c  __TI_Handler_Table_Limit                                    
00005e70  __TI_CINIT_Base                                             
00005e88  __TI_CINIT_Limit                                            
0001ffa8  __ccfg                                                      
200004de  driverlib_release_0_50218                                   
20000500  readEntry                                                   
20000508  pinUpperBound                                               
2000050c  pinLowerBound                                               
200005a0  pinHandleTable                                              
2000061c  PowerCC26XX_module                                          
20000734  HwiP_swiPIntNum                                             
20000804  ClockP_tickPeriod                                           
20000944  RF_cmdPropRadioDivSetup                                     
2000096c  RF_cmdPropRx                                                
20000990  RF_cmdFs                                                    
200009a8  RF_prop                                                     
200009bc  SemaphoreP_defaultParams                                    
200009c4  __TI_cleanup_ptr                                            
200009c8  __TI_dtors_ptr                                              
200009cc  __TI_enable_exit_profile_output                             
200009d0  _lock                                                       
200009d4  _unlock                                                     
200009d8  pinTable                                                    
200009e0  main_func_sp                                                
200009e8  _sys_memory                                                 
20000b00  g_pfnRAMVectors                                             
20004c00  __stack                                                     
20005000  __STACK_END                                                 
ffffffff  __TI_pprof_out_hndl                                         
ffffffff  __TI_prof_data_size                                         
ffffffff  __TI_prof_data_start                                        
ffffffff  __binit__                                                   
ffffffff  binit                                                       
UNDEFED   SHT$$INIT_ARRAY$$Base                                       
UNDEFED   SHT$$INIT_ARRAY$$Limit                                      

[244 symbols]
